// Jest Snapshot v1, https://goo.gl/fbAQLP

exports[`GET /rest/:id Film zu vorhandener ID 1`] = `"https://florians-macbook-pro.local:3000/rest/1"`;
